madelinekloud@econ2-198-4-edu Recitation-012-Team-12 % git checkout main
Switched to branch 'main'
Your branch is behind 'origin/main' by 1 commit, and can be fast-forwarded.
  (use "git pull" to update your local branch)
madelinekloud@econ2-198-4-edu Recitation-012-Team-12 % git pull
Updating 41a6699..61bec64
Fast-forward
 main.cpp | 7 ++++---
 1 file changed, 4 insertions(+), 3 deletions(-)
madelinekloud@econ2-198-4-edu Recitation-012-Team-12 % git checkout Maddie
Switched to branch 'Maddie'
Your branch is up to date with 'origin/Maddie'.
madelinekloud@econ2-198-4-edu Recitation-012-Team-12 % git merge main
Auto-merging main.cpp
CONFLICT (content): Merge conflict in main.cpp
Automatic merge failed; fix conflicts and then commit the result.
madelinekloud@econ2-198-4-edu Recitation-012-Team-12 % git add main.cpp
madelinekloud@econ2-198-4-edu Recitation-012-Team-12 % git commit -m "Merging changes with return
 value 2"
[Maddie 5591763] Merging changes with return value 2
madelinekloud@econ2-198-4-edu Recitation-012-Team-12 % git push
Enumerating objects: 7, done.
Counting objects: 100% (7/7), done.
Delta compression using up to 8 threads
Compressing objects: 100% (3/3), done.
Writing objects: 100% (3/3), 405 bytes | 405.00 KiB/s, done.
Total 3 (delta 1), reused 0 (delta 0), pack-reused 0
remote: Resolving deltas: 100% (1/1), completed with 1 local object.
To github.com:CU-CSCI3308-Spring2024/Recitation-012-Team-12.git
   fa3be19..5591763  Maddie -> Maddie
madelinekloud@econ2-198-4-edu Recitation-012-Team-12 % 
